[1,4]<stderr>:[ip-172-31-6-189:00796] [ 1] [1,4]<stderr>:/lib/x86_64-linux-gnu/libc.so.6(gsignal+0xc7)[0x7f46c8748e97]
[1,4]<stderr>:[ip-172-31-6-189:00796] [ 2] [1,8]<stderr>:/usr/lib/x86_64-linux-gnu/libstdc++.so.6(+0xbd8dc)[0x7f3ea10228dc]
[1,8]<stderr>:[ip-172-31-3-127:00678] [12] [1,4]<stderr>:/lib/x86_64-linux-gnu/libc.so.6(abort+0x141)[0x7f46c874a801]
[1,4]<stderr>:[ip-172-31-6-189:00796] [ 3] [1,13]<stderr>:[ip-172-31-3-127:00680] *** Process received signal ***
[1,13]<stderr>:[ip-172-31-3-127:00680] Signal: Aborted (6)
[1,13]<stderr>:[ip-172-31-3-127:00680] Signal code:  (-6)
[1,8]<stderr>:/usr/local/lib/python3.6/dist-packages/horovod-0.18.2-py3.6-linux-x86_64.egg/horovod/torch/mpi_lib_v2.cpython-36m-x86_64-linux-gnu.so(_ZN7horovod6common18HorovodGlobalStateD1Ev+0xaa8)[0x7f3e791cd6b8]
[1,8]<stderr>:[ip-172-31-3-127:00678] [13] [1,4]<stderr>:/usr/lib/x86_64-linux-gnu/libstdc++.so.6(+0x8c957)[0x7f46c3954957]
[1,4]<stderr>:[ip-172-31-6-189:00796] [ 4] [1,8]<stderr>:/lib/x86_64-linux-gnu/libc.so.6(+0x43041)[0x7f3ea5dea041]
[1,8]<stderr>:[ip-172-31-3-127:00678] [14] /lib/x86_64-linux-gnu/libc.so.6(+0x4313a)[0x7f3ea5dea13a]
[1,8]<stderr>:[ip-172-31-3-127:00678] [15] [1,8]<stderr>:/opt/amazon/efa/lib/libfabric.so.1(+0x5ebbf)[0x7f3d8dd82bbf]
[1,8]<stderr>:[ip-172-31-3-127:00678] [16] /opt/amazon/efa/lib/libfabric.so.1(+0xf3f2)[0x7f3d8dd333f2]
[1,8]<stderr>:[ip-172-31-3-127:00678] [17] /opt/amazon/efa/lib/libfabric.so.1(fi_getinfo+0x45d)[0x7f3d8dd33a9d]
[1,8]<stderr>:[ip-172-31-3-127:00678] [18] /usr/local/lib/libnccl-net.so(+0x2045)[0x7f3db012d045]
[1,8]<stderr>:[ip-172-31-3-127:00678] [19] [1,4]<stderr>:/usr/lib/x86_64-linux-gnu/libstdc++.so.6(+0x92ab6)[0x7f46c395aab6]
[1,4]<stderr>:[ip-172-31-6-189:00796] [ 5] [1,8]<stderr>:/usr/local/lib/python3.6/dist-packages/horovod-0.18.2-py3.6-linux-x86_64.egg/horovod/torch/mpi_lib_v2.cpython-36m-x86_64-linux-gnu.so(+0xf1065)[0x7f3e79258065]
[1,8]<stderr>:[ip-172-31-3-127:00678] [20] [1,8]<stderr>:/usr/local/lib/python3.6/dist-packages/horovod-0.18.2-py3.6-linux-x86_64.egg/horovod/torch/mpi_lib_v2.cpython-36m-x86_64-linux-gnu.so(+0xf492f)[0x7f3e7925b92f]
[1,8]<stderr>:[ip-172-31-3-127:00678] [21] [1,4]<stderr>:/usr/lib/x86_64-linux-gnu/libstdc++.so.6(+0x91b19)[0x7f46c3959b19]
[1,4]<stderr>:[ip-172-31-6-189:00796] [ 6] [1,8]<stderr>:/usr/local/lib/python3.6/dist-packages/horovod-0.18.2-py3.6-linux-x86_64.egg/horovod/torch/mpi_lib_v2.cpython-36m-x86_64-linux-gnu.so(_ZN7horovod6common13NCCLAllreduce12InitNCCLCommERKSt6vectorINS0_16TensorTableEntryESaIS3_EERKS2_IiSaIiEE+0x1b3)[0x7f3e79219313]
[1,8]<stderr>:[ip-172-31-3-127:00678] [22] /usr/local/lib/python3.6/dist-packages/horovod-0.18.2-py3.6-linux-x86_64.egg/horovod/torch/mpi_lib_v2.cpython-36m-x86_64-linux-gnu.so(_ZN7horovod6common13NCCLAllreduce7ExecuteERSt6vectorINS0_16TensorTableEntryESaIS3_EERKNS0_8ResponseE+0x54)[0x7f3e792194d4]
[1,8]<stderr>:[ip-172-31-3-127:00678] [23] [1,4]<stderr>:/usr/lib/x86_64-linux-gnu/libstdc++.so.6(__gxx_personality_v0+0x2a8)[0x7f46c395a488]
[1,4]<stderr>:[ip-172-31-6-189:00796] [ 7] /lib/x86_64-linux-gnu/libgcc_s.so.1(+0x10613)[0x7f46c36c0613]
[1,4]<stderr>:[ip-172-31-6-189:00796] [1,4]<stderr>:[ 8] /lib/x86_64-linux-gnu/libgcc_s.so.1(_Unwind_RaiseException+0x2b1)[0x7f46c36c0b71]
[1,4]<stderr>:[ip-172-31-6-189:00796] [ 9] [1,8]<stderr>:/usr/local/lib/python3.6/dist-packages/horovod-0.18.2-py3.6-linux-x86_64.egg/horovod/torch/mpi_lib_v2.cpython-36m-x86_64-linux-gnu.so(_ZNK7horovod6common16OperationManager16ExecuteAllreduceERSt6vectorINS0_16TensorTableEntryESaIS3_EERKNS0_8ResponseE+0x71)[0x7f3e791e4061]
[1,8]<stderr>:[ip-172-31-3-127:00678] [24] /usr/local/lib/python3.6/dist-packages/horovod-0.18.2-py3.6-linux-x86_64.egg/horovod/torch/mpi_lib_v2.cpython-36m-x86_64-linux-gnu.so(_ZNK7horovod6common16OperationManager16ExecuteOperationERSt6vectorINS0_16TensorTableEntryESaIS3_EERKNS0_8ResponseE+0xa1)[0x7f3e791e4371]
[1,8]<stderr>:[ip-172-31-3-127:00678] [25] [1,8]<stderr>:/usr/local/lib/python3.6/dist-packages/horovod-0.18.2-py3.6-linux-x86_64.egg/horovod/torch/mpi_lib_v2.cpython-36m-x86_64-linux-gnu.so(+0x5e440)[0x7f3e791c5440]
[1,8]<stderr>:[ip-172-31-3-127:00678] [26] /usr/local/lib/python3.6/dist-packages/torch/_C.cpython-36m-x86_64-linux-gnu.so(+0xaecf)[0x7f3ea22b1ecf]
[1,8]<stderr>:[ip-172-31-3-127:00678] [27] /lib/x86_64-linux-gnu/libpthread.so.0(+0x76db)[0x7f3ea5b8f6db]
[1,8]<stderr>:[ip-172-31-3-127:00678] [28] [1,4]<stderr>:/usr/lib/x86_64-linux-gnu/libstdc++.so.6(__cxa_throw+0x37)[0x7f46c395ad17]
[1,4]<stderr>:[ip-172-31-6-189:00796] [10] [1,8]<stderr>:/lib/x86_64-linux-gnu/libc.so.6(clone+0x3f)[0x7f3ea5ec888f]
[1,8]<stderr>:[ip-172-31-3-127:00678] *** End of error message ***
[1,1]<stderr>:[ip-172-31-6-189:00797] [ 0] [1,1]<stderr>:/lib/x86_64-linux-gnu/libc.so.6(+0x3ef20)[0x7f8e7eb89f20]
[1,1]<stderr>:[ip-172-31-6-189:00797] [ 1] [1,4]<stderr>:/usr/lib/x86_64-linux-gnu/libstdc++.so.6(+0x8ea19)[0x7f46c3956a19]
[1,4]<stderr>:[ip-172-31-6-189:00796] [11] [1,1]<stderr>:/lib/x86_64-linux-gnu/libc.so.6(gsignal+0xc7)[0x7f8e7eb89e97]
[1,1]<stderr>:[ip-172-31-6-189:00797] [ 2] [1,14]<stderr>:[ip-172-31-3-127:00679] [ 0] [1,1]<stderr>:/lib/x86_64-linux-gnu/libc.so.6(abort+0x141)[0x7f8e7eb8b801]
[1,1]<stderr>:[ip-172-31-6-189:00797] [ 3] [1,14]<stderr>:/lib/x86_64-linux-gnu/libc.so.6(+0x3ef20)[0x7f3bf3f9df20]
[1,14]<stderr>:[ip-172-31-3-127:00679] [ 1] [1,4]<stderr>:/usr/lib/x86_64-linux-gnu/libstdc++.so.6(+0xbd8dc)[0x7f46c39858dc]
[1,4]<stderr>:[ip-172-31-6-189:00796] [12] /usr/local/lib/python3.6/dist-packages/horovod-0.18.2-py3.6-linux-x86_64.egg/horovod/torch/mpi_lib_v2.cpython-36m-x86_64-linux-gnu.so(_ZN7horovod6common18HorovodGlobalStateD1Ev+0xaa8)[0x7f45d0df26b8]
[1,4]<stderr>:[ip-172-31-6-189:00796] [13] [1,14]<stderr>:/lib/x86_64-linux-gnu/libc.so.6(gsignal+0xc7)[0x7f3bf3f9de97]
[1,14]<stderr>:[ip-172-31-3-127:00679] [ 2] [1,1]<stderr>:/usr/lib/x86_64-linux-gnu/libstdc++.so.6(+0x8c957)[0x7f8e79d95957]
[1,1]<stderr>:[ip-172-31-6-189:00797] [ 4] [1,4]<stderr>:/lib/x86_64-linux-gnu/libc.so.6(+0x43041)[0x7f46c874d041]
[1,4]<stderr>:[ip-172-31-6-189:00796] [14] [1,1]<stderr>:/usr/lib/x86_64-linux-gnu/libstdc++.so.6(+0x92ab6)[0x7f8e79d9bab6]
[1,1]<stderr>:[ip-172-31-6-189:00797] [ 5] [1,4]<stderr>:/lib/x86_64-linux-gnu/libc.so.6(+0x4313a)[0x7f46c874d13a]
[1,4]<stderr>:[ip-172-31-6-189:00796] [15] /opt/amazon/efa/lib/libfabric.so.1(+0x5ebbf)[0x7f4685372bbf]
[1,4]<stderr>:[ip-172-31-6-189:00796] [16] /opt/amazon/efa/lib/libfabric.so.1(+0xf3f2)[0x7f46853233f2]
[1,4]<stderr>:[ip-172-31-6-189:00796] [17] [1,4]<stderr>:/opt/amazon/efa/lib/libfabric.so.1(fi_getinfo+0x45d)[0x7f4685323a9d]
[1,4]<stderr>:[ip-172-31-6-189:00796] [18] /usr/local/lib/libnccl-net.so(+0x2045)[0x7f46877c0045]
[1,4]<stderr>:[ip-172-31-6-189:00796] [19] [1,14]<stderr>:/lib/x86_64-linux-gnu/libc.so.6(abort+0x141)[0x7f3bf3f9f801]
[1,14]<stderr>:[ip-172-31-3-127:00679] [ 3] [1,1]<stderr>:/usr/lib/x86_64-linux-gnu/libstdc++.so.6(+0x91b19)[0x7f8e79d9ab19]
[1,1]<stderr>:[ip-172-31-6-189:00797] [ 6] [1,4]<stderr>:/usr/local/lib/python3.6/dist-packages/horovod-0.18.2-py3.6-linux-x86_64.egg/horovod/torch/mpi_lib_v2.cpython-36m-x86_64-linux-gnu.so(+0xf1065)[0x7f45d0e7d065]
[1,4]<stderr>:[ip-172-31-6-189:00796] [20] /usr/local/lib/python3.6/dist-packages/horovod-0.18.2-py3.6-linux-x86_64.egg/horovod/torch/mpi_lib_v2.cpython-36m-x86_64-linux-gnu.so(+0xf492f)[0x7f45d0e8092f]
[1,4]<stderr>:[ip-172-31-6-189:00796] [21] [1,13]<stderr>:[ip-172-31-3-127:00680] [ 0] [1,4]<stderr>:/usr/local/lib/python3.6/dist-packages/horovod-0.18.2-py3.6-linux-x86_64.egg/horovod/torch/mpi_lib_v2.cpython-36m-x86_64-linux-gnu.so(_ZN7horovod6common13NCCLAllreduce12InitNCCLCommERKSt6vectorINS0_16TensorTableEntryESaIS3_EERKS2_IiSaIiEE+0x1b3)[0x7f45d0e3e313]
[1,4]<stderr>:[ip-172-31-6-189:00796] [22] [1,14]<stderr>:/usr/lib/x86_64-linux-gnu/libstdc++.so.6(+0x8c957)[0x7f3bef1a9957]
[1,14]<stderr>:[ip-172-31-3-127:00679] [ 4] [1,4]<stderr>:/usr/local/lib/python3.6/dist-packages/horovod-0.18.2-py3.6-linux-x86_64.egg/horovod/torch/mpi_lib_v2.cpython-36m-x86_64-linux-gnu.so(_ZN7horovod6common13NCCLAllreduce7ExecuteERSt6vectorINS0_16TensorTableEntryESaIS3_EERKNS0_8ResponseE+0x54)[0x7f45d0e3e4d4]
[1,4]<stderr>:[ip-172-31-6-189:00796] [23] [1,1]<stderr>:/usr/lib/x86_64-linux-gnu/libstdc++.so.6(__gxx_personality_v0+0x2a8)[0x7f8e79d9b488]
[1,1]<stderr>:[ip-172-31-6-189:00797] [ 7] /lib/x86_64-linux-gnu/libgcc_s.so.1(+0x10613)[0x7f8e79b01613]
[1,1]<stderr>:[ip-172-31-6-189:00797] [ 8] /lib/x86_64-linux-gnu/libgcc_s.so.1(_Unwind_RaiseException+0x2b1)[0x7f8e79b01b71]
[1,1]<stderr>:[ip-172-31-6-189:00797] [ 9] [1,13]<stderr>:/lib/x86_64-linux-gnu/libc.so.6(+0x3ef20)[0x7f1ee487ff20]
[1,13]<stderr>:[ip-172-31-3-127:00680] [ 1] [1,4]<stderr>:/usr/local/lib/python3.6/dist-packages/horovod-0.18.2-py3.6-linux-x86_64.egg/horovod/torch/mpi_lib_v2.cpython-36m-x86_64-linux-gnu.so(_ZNK7horovod6common16OperationManager16ExecuteAllreduceERSt6vectorINS0_16TensorTableEntryESaIS3_EERKNS0_8ResponseE+0x71)[0x7f45d0e09061]
[1,4]<stderr>:[ip-172-31-6-189:00796] [24] /usr/local/lib/python3.6/dist-packages/horovod-0.18.2-py3.6-linux-x86_64.egg/horovod/torch/mpi_lib_v2.cpython-36m-x86_64-linux-gnu.so(_ZNK7horovod6common16OperationManager16ExecuteOperationERSt6vectorINS0_16TensorTableEntryESaIS3_EERKNS0_8ResponseE+0xa1)[0x7f45d0e09371]
[1,4]<stderr>:[ip-172-31-6-189:00796] [25] [1,10]<stderr>:terminate called after throwing an instance of 'std::system_error'
[1,10]<stderr>:  what():  Resource deadlock avoided
[1,1]<stderr>:/usr/lib/x86_64-linux-gnu/libstdc++.so.6(__cxa_throw+0x37)[0x7f8e79d9bd17]
[1,1]<stderr>:[ip-172-31-6-189:00797] [10] [1,4]<stderr>:/usr/local/lib/python3.6/dist-packages/horovod-0.18.2-py3.6-linux-x86_64.egg/horovod/torch/mpi_lib_v2.cpython-36m-x86_64-linux-gnu.so(+0x5e440)[0x7f45d0dea440]
[1,4]<stderr>:[ip-172-31-6-189:00796] [26] /usr/local/lib/python3.6/dist-packages/torch/_C.cpython-36m-x86_64-linux-gnu.so(+0xaecf)[0x7f46c4c14ecf]
[1,4]<stderr>:[ip-172-31-6-189:00796] [27] /lib/x86_64-linux-gnu/libpthread.so.0(+0x76db)[0x7f46c84f26db]
[1,4]<stderr>:[ip-172-31-6-189:00796] [28] [1,13]<stderr>:/lib/x86_64-linux-gnu/libc.so.6(gsignal+0xc7)[0x7f1ee487fe97]
[1,13]<stderr>:[ip-172-31-3-127:00680] [ 2] /lib/x86_64-linux-gnu/libc.so.6(abort+0x141)[0x7f1ee4881801]
[1,13]<stderr>:[ip-172-31-3-127:00680] [ 3] [1,1]<stderr>:/usr/lib/x86_64-linux-gnu/libstdc++.so.6(+0x8ea19)[0x7f8e79d97a19]
[1,1]<stderr>:[ip-172-31-6-189:00797] [11] [1,9]<stderr>:terminate called after throwing an instance of 'std::system_error'
[1,9]<stderr>:  what():  Resource deadlock avoided
[1,4]<stderr>:/lib/x86_64-linux-gnu/libc.so.6(clone+0x3f)[0x7f46c882b88f]
[1,4]<stderr>:[ip-172-31-6-189:00796] *** End of error message ***
[1,14]<stderr>:/usr/lib/x86_64-linux-gnu/libstdc++.so.6(+0x92ab6)[0x7f3bef1afab6]
[1,14]<stderr>:[ip-172-31-3-127:00679] [ 5] /usr/lib/x86_64-linux-gnu/libstdc++.so.6(+0x91b19)[0x7f3bef1aeb19]
[1,14]<stderr>:[ip-172-31-3-127:00679] [1,13]<stderr>:/usr/lib/x86_64-linux-gnu/libstdc++.so.6(+0x8c957)[0x7f1edfa8b957]
[1,13]<stderr>:[ip-172-31-3-127:00680] [ 4] [1,1]<stderr>:/usr/lib/x86_64-linux-gnu/libstdc++.so.6(+0xbd8dc)[0x7f8e79dc68dc]
[1,1]<stderr>:[ip-172-31-6-189:00797] [12] [1,1]<stderr>:/usr/local/lib/python3.6/dist-packages/horovod-0.18.2-py3.6-linux-x86_64.egg/horovod/torch/mpi_lib_v2.cpython-36m-x86_64-linux-gnu.so(_ZN7horovod6common18HorovodGlobalStateD1Ev+0xaa8)[0x7f8d872336b8]
[1,1]<stderr>:[ip-172-31-6-189:00797] [13] [1,10]<stderr>:[ip-172-31-3-127:00683] *** Process received signal ***
[1,10]<stderr>:[ip-172-31-3-127:00683] Signal: Aborted (6)
[1,10]<stderr>:[ip-172-31-3-127:00683] Signal code:  (-6)
[1,1]<stderr>:/lib/x86_64-linux-gnu/libc.so.6(+0x43041)[0x7f8e7eb8e041]
[1,1]<stderr>:[ip-172-31-6-189:00797] [14] [1,9]<stderr>:[ip-172-31-3-127:00681] *** Process received signal ***
[1,9]<stderr>:[ip-172-31-3-127:00681] Signal: Aborted (6)
[1,9]<stderr>:[ip-172-31-3-127:00681] Signal code:  (-6)
[1,1]<stderr>:/lib/x86_64-linux-gnu/libc.so.6(+0x4313a)[0x7f8e7eb8e13a]
[1,1]<stderr>:[ip-172-31-6-189:00797] [15] /opt/amazon/efa/lib/libfabric.so.1(+0x5ebbf)[0x7f8e30bc5bbf]
[1,1]<stderr>:[ip-172-31-6-189:00797] [16] /opt/amazon/efa/lib/libfabric.so.1(+0xf3f2)[0x7f8e30b763f2]
[1,1]<stderr>:[ip-172-31-6-189:00797] [17] /opt/amazon/efa/lib/libfabric.so.1(fi_getinfo+0x45d)[0x7f8e30b76a9d]
[1,1]<stderr>:[ip-172-31-6-189:00797] [18] /usr/local/lib/libnccl-net.so(+0x2045)[0x7f8e3343f045]
[1,1]<stderr>:[ip-172-31-6-189:00797] [19] [1,14]<stderr>:[ 6] /usr/lib/x86_64-linux-gnu/libstdc++.so.6(__gxx_personality_v0+0x2a8)[0x7f3bef1af488]
[1,14]<stderr>:[ip-172-31-3-127:00679] [ 7] /lib/x86_64-linux-gnu/libgcc_s.so.1(+0x10613)[0x7f3beef15613]
[1,14]<stderr>:[ip-172-31-3-127:00679] [ 8] [1,1]<stderr>:/usr/local/lib/python3.6/dist-packages/horovod-0.18.2-py3.6-linux-x86_64.egg/horovod/torch/mpi_lib_v2.cpython-36m-x86_64-linux-gnu.so(+0xf1065)[0x7f8d872be065]
[1,1]<stderr>:[ip-172-31-6-189:00797] [20] /usr/local/lib/python3.6/dist-packages/horovod-0.18.2-py3.6-linux-x86_64.egg/horovod/torch/mpi_lib_v2.cpython-36m-x86_64-linux-gnu.so(+0xf492f)[0x7f8d872c192f]
[1,1]<stderr>:[ip-172-31-6-189:00797] [21] /usr/local/lib/python3.6/dist-packages/horovod-0.18.2-py3.6-linux-x86_64.egg/horovod/torch/mpi_lib_v2.cpython-36m-x86_64-linux-gnu.so(_ZN7horovod6common13NCCLAllreduce12InitNCCLCommERKSt6vectorINS0_16TensorTableEntryESaIS3_EERKS2_IiSaIiEE+0x1b3)[0x7f8d8727f313]
[1,1]<stderr>:[ip-172-31-6-189:00797] [1,13]<stderr>:/usr/lib/x86_64-linux-gnu/libstdc++.so.6(+0x92ab6)[0x7f1edfa91ab6]
[1,13]<stderr>:[ip-172-31-3-127:00680] [ 5] /usr/lib/x86_64-linux-gnu/libstdc++.so.6(+0x91b19)[0x7f1edfa90b19]
[1,13]<stderr>:[ip-172-31-3-127:00680] [ 6] [1,1]<stderr>:[22] /usr/local/lib/python3.6/dist-packages/horovod-0.18.2-py3.6-linux-x86_64.egg/horovod/torch/mpi_lib_v2.cpython-36m-x86_64-linux-gnu.so(_ZN7horovod6common13NCCLAllreduce7ExecuteERSt6vectorINS0_16TensorTableEntryESaIS3_EERKNS0_8ResponseE+0x54)[0x7f8d8727f4d4]
[1,1]<stderr>:[ip-172-31-6-189:00797] [23] [1,14]<stderr>:/lib/x86_64-linux-gnu/libgcc_s.so.1(_Unwind_RaiseException+0x2b1)[0x7f3beef15b71]
[1,14]<stderr>:[ip-172-31-3-127:00679] [ 9] /usr/lib/x86_64-linux-gnu/libstdc++.so.6(__cxa_throw+0x37)[0x7f3bef1afd17]
[1,14]<stderr>:[ip-172-31-3-127:00679] [10] [1,1]<stderr>:/usr/local/lib/python3.6/dist-packages/horovod-0.18.2-py3.6-linux-x86_64.egg/horovod/torch/mpi_lib_v2.cpython-36m-x86_64-linux-gnu.so(_ZNK7horovod6common16OperationManager16ExecuteAllreduceERSt6vectorINS0_16TensorTableEntryESaIS3_EERKNS0_8ResponseE+0x71)[0x7f8d8724a061]
[1,1]<stderr>:[ip-172-31-6-189:00797] [24] [1,13]<stderr>:/usr/lib/x86_64-linux-gnu/libstdc++.so.6(__gxx_personality_v0+0x2a8)[0x7f1edfa91488]
[1,13]<stderr>:[ip-172-31-3-127:00680] [ 7] /lib/x86_64-linux-gnu/libgcc_s.so.1(+0x10613)[0x7f1edf7f7613]
[1,13]<stderr>:[ip-172-31-3-127:00680] [ 8] /lib/x86_64-linux-gnu/libgcc_s.so.1(_Unwind_RaiseException+0x2b1)[0x7f1edf7f7b71]
[1,13]<stderr>:[ip-172-31-3-127:00680] [1,1]<stderr>:/usr/local/lib/python3.6/dist-packages/horovod-0.18.2-py3.6-linux-x86_64.egg/horovod/torch/mpi_lib_v2.cpython-36m-x86_64-linux-gnu.so(_ZNK7horovod6common16OperationManager16ExecuteOperationERSt6vectorINS0_16TensorTableEntryESaIS3_EERKNS0_8ResponseE+0xa1)[0x7f8d8724a371]
[1,1]<stderr>:[ip-172-31-6-189:00797] [25] /usr/local/lib/python3.6/dist-packages/horovod-0.18.2-py3.6-linux-x86_64.egg/horovod/torch/mpi_lib_v2.cpython-36m-x86_64-linux-gnu.so(+0x5e440)[0x7f8d8722b440]
[1,1]<stderr>:[ip-172-31-6-189:00797] [26] [1,1]<stderr>:/usr/local/lib/python3.6/dist-packages/torch/_C.cpython-36m-x86_64-linux-gnu.so(+0xaecf)[0x7f8e7b055ecf]
[1,1]<stderr>:[ip-172-31-6-189:00797] [27] /lib/x86_64-linux-gnu/libpthread.so.0(+0x76db)[0x7f8e7e9336db]
[1,1]<stderr>:[ip-172-31-6-189:00797] [28] [1,14]<stderr>:/usr/lib/x86_64-linux-gnu/libstdc++.so.6(+0x8ea19)[0x7f3bef1aba19]
[1,14]<stderr>:[ip-172-31-3-127:00679] [11] [1,1]<stderr>:/lib/x86_64-linux-gnu/libc.so.6(clone+0x3f)[0x7f8e7ec6c88f]
[1,1]<stderr>:[ip-172-31-6-189:00797] *** End of error message ***
[1,13]<stderr>:[ 9] [1,12]<stderr>:terminate called after throwing an instance of 'std::system_error'
[1,12]<stderr>:  what():  Resource deadlock avoided
[1,14]<stderr>:/usr/lib/x86_64-linux-gnu/libstdc++.so.6(+0xbd8dc)[0x7f3bef1da8dc]
[1,14]<stderr>:[ip-172-31-3-127:00679] [12] /usr/local/lib/python3.6/dist-packages/horovod-0.18.2-py3.6-linux-x86_64.egg/horovod/torch/mpi_lib_v2.cpython-36m-x86_64-linux-gnu.so(_ZN7horovod6common18HorovodGlobalStateD1Ev+0xaa8)[0x7f3afc6476b8]
[1,14]<stderr>:[ip-172-31-3-127:00679] [1,13]<stderr>:/usr/lib/x86_64-linux-gnu/libstdc++.so.6(__cxa_throw+0x37)[0x7f1edfa91d17]
[1,13]<stderr>:[ip-172-31-3-127:00680] [10] [1,12]<stderr>:[ip-172-31-3-127:00682] *** Process received signal ***
[1,12]<stderr>:[ip-172-31-3-127:00682] Signal: Aborted (6)
[1,12]<stderr>:[ip-172-31-3-127:00682] Signal code:  (-6)
[1,13]<stderr>:/usr/lib/x86_64-linux-gnu/libstdc++.so.6(+0x8ea19)[0x7f1edfa8da19]
[1,13]<stderr>:[ip-172-31-3-127:00680] [11] [1,14]<stderr>:[13] /lib/x86_64-linux-gnu/libc.so.6(+0x43041)[0x7f3bf3fa2041]
[1,14]<stderr>:[ip-172-31-3-127:00679] [14] /lib/x86_64-linux-gnu/libc.so.6(+0x4313a)[0x7f3bf3fa213a]
[1,14]<stderr>:[ip-172-31-3-127:00679] [15] /opt/amazon/efa/lib/libfabric.so.1(+0x5ebbf)[0x7f3afc363bbf]
[1,14]<stderr>:[ip-172-31-3-127:00679] [16] /opt/amazon/efa/lib/libfabric.so.1(+0xf3f2)[0x7f3afc3143f2]
[1,14]<stderr>:[ip-172-31-3-127:00679] [1,13]<stderr>:/usr/lib/x86_64-linux-gnu/libstdc++.so.6(+0xbd8dc)[0x7f1edfabc8dc]
[1,13]<stderr>:[ip-172-31-3-127:00680] [12] /usr/local/lib/python3.6/dist-packages/horovod-0.18.2-py3.6-linux-x86_64.egg/horovod/torch/mpi_lib_v2.cpython-36m-x86_64-linux-gnu.so(_ZN7horovod6common18HorovodGlobalStateD1Ev+0xaa8)[0x7f1decf296b8]
[1,13]<stderr>:[ip-172-31-3-127:00680] [13] [1,14]<stderr>:[17] /opt/amazon/efa/lib/libfabric.so.1(fi_getinfo+0x45d)[0x7f3afc314a9d]
[1,14]<stderr>:[ip-172-31-3-127:00679] [18] /usr/local/lib/libnccl-net.so(+0x2045)[0x7f3ba4019045]
[1,14]<stderr>:[ip-172-31-3-127:00679] [19] /usr/local/lib/python3.6/dist-packages/horovod-0.18.2-py3.6-linux-x86_64.egg/horovod/torch/mpi_lib_v2.cpython-36m-x86_64-linux-gnu.so(+0xf1065)[0x7f3afc6d2065]
[1,14]<stderr>:[ip-172-31-3-127:00679] [20] [1,13]<stderr>:/lib/x86_64-linux-gnu/libc.so.6(+0x43041)[0x7f1ee4884041]
[1,13]<stderr>:[ip-172-31-3-127:00680] [14] [1,14]<stderr>:/usr/local/lib/python3.6/dist-packages/horovod-0.18.2-py3.6-linux-x86_64.egg/horovod/torch/mpi_lib_v2.cpython-36m-x86_64-linux-gnu.so(+0xf492f)[0x7f3afc6d592f]
[1,14]<stderr>:[ip-172-31-3-127:00679] [21] /usr/local/lib/python3.6/dist-packages/horovod-0.18.2-py3.6-linux-x86_64.egg/horovod/torch/mpi_lib_v2.cpython-36m-x86_64-linux-gnu.so(_ZN7horovod6common13NCCLAllreduce12InitNCCLCommERKSt6vectorINS0_16TensorTableEntryESaIS3_EERKS2_IiSaIiEE+0x1b3)[0x7f3afc693313]
[1,14]<stderr>:[ip-172-31-3-127:00679] [22] [1,13]<stderr>:/lib/x86_64-linux-gnu/libc.so.6(+0x4313a)[0x7f1ee488413a]
[1,13]<stderr>:[ip-172-31-3-127:00680] [15] /opt/amazon/efa/lib/libfabric.so.1(+0x5ebbf)[0x7f1ea789dbbf]
[1,13]<stderr>:[ip-172-31-3-127:00680] [16] /opt/amazon/efa/lib/libfabric.so.1(+0xf3f2)[0x7f1ea784e3f2]
[1,13]<stderr>:[ip-172-31-3-127:00680] [17] /opt/amazon/efa/lib/libfabric.so.1(fi_getinfo+0x45d)[0x7f1ea784ea9d]
[1,13]<stderr>:[ip-172-31-3-127:00680] [18] /usr/local/lib/libnccl-net.so(+0x2045)[0x7f1ea7b1d045]
[1,13]<stderr>:[ip-172-31-3-127:00680] [19] [1,14]<stderr>:/usr/local/lib/python3.6/dist-packages/horovod-0.18.2-py3.6-linux-x86_64.egg/horovod/torch/mpi_lib_v2.cpython-36m-x86_64-linux-gnu.so(_ZN7horovod6common13NCCLAllreduce7ExecuteERSt6vectorINS0_16TensorTableEntryESaIS3_EERKNS0_8ResponseE+0x54)[0x7f3afc6934d4]
[1,14]<stderr>:[ip-172-31-3-127:00679] [23] /usr/local/lib/python3.6/dist-packages/horovod-0.18.2-py3.6-linux-x86_64.egg/horovod/torch/mpi_lib_v2.cpython-36m-x86_64-linux-gnu.so(_ZNK7horovod6common16OperationManager16ExecuteAllreduceERSt6vectorINS0_16TensorTableEntryESaIS3_EERKNS0_8ResponseE+0x71)[0x7f3afc65e061]
[1,14]<stderr>:[ip-172-31-3-127:00679] [24] [1,13]<stderr>:/usr/local/lib/python3.6/dist-packages/horovod-0.18.2-py3.6-linux-x86_64.egg/horovod/torch/mpi_lib_v2.cpython-36m-x86_64-linux-gnu.so(+0xf1065)[0x7f1decfb4065]
[1,13]<stderr>:[ip-172-31-3-127:00680] [20] /usr/local/lib/python3.6/dist-packages/horovod-0.18.2-py3.6-linux-x86_64.egg/horovod/torch/mpi_lib_v2.cpython-36m-x86_64-linux-gnu.so(+0xf492f)[0x7f1decfb792f]
[1,13]<stderr>:[ip-172-31-3-127:00680] [21] [1,10]<stderr>:[ip-172-31-3-127:00683] [ 0] /lib/x86_64-linux-gnu/libc.so.6(+0x3ef20)[0x7fe11b17cf20]
[1,10]<stderr>:[ip-172-31-3-127:00683] [ 1] [1,14]<stderr>:/usr/local/lib/python3.6/dist-packages/horovod-0.18.2-py3.6-linux-x86_64.egg/horovod/torch/mpi_lib_v2.cpython-36m-x86_64-linux-gnu.so(_ZNK7horovod6common16OperationManager16ExecuteOperationERSt6vectorINS0_16TensorTableEntryESaIS3_EERKNS0_8ResponseE+0xa1)[0x7f3afc65e371]
[1,14]<stderr>:[ip-172-31-3-127:00679] [25] /usr/local/lib/python3.6/dist-packages/horovod-0.18.2-py3.6-linux-x86_64.egg/horovod/torch/mpi_lib_v2.cpython-36m-x86_64-linux-gnu.so(+0x5e440)[0x7f3afc63f440]
[1,14]<stderr>:[ip-172-31-3-127:00679] [26] /usr/local/lib/python3.6/dist-packages/torch/_C.cpython-36m-x86_64-linux-gnu.so(+0xaecf)[0x7f3bf0469ecf]
[1,14]<stderr>:[ip-172-31-3-127:00679] [27] [1,9]<stderr>:[ip-172-31-3-127:00681] [ 0] /lib/x86_64-linux-gnu/libc.so.6(+0x3ef20)[0x7f6636e4df20]
[1,9]<stderr>:[ip-172-31-3-127:00681] [ 1] [1,10]<stderr>:/lib/x86_64-linux-gnu/libc.so.6(gsignal+0xc7)[0x7fe11b17ce97]
[1,10]<stderr>:[ip-172-31-3-127:00683] [ 2] /lib/x86_64-linux-gnu/libc.so.6(abort+0x141)[0x7fe11b17e801]
[1,10]<stderr>:[ip-172-31-3-127:00683] [ 3] [1,13]<stderr>:/usr/local/lib/python3.6/dist-packages/horovod-0.18.2-py3.6-linux-x86_64.egg/horovod/torch/mpi_lib_v2.cpython-36m-x86_64-linux-gnu.so(_ZN7horovod6common13NCCLAllreduce12InitNCCLCommERKSt6vectorINS0_16TensorTableEntryESaIS3_EERKS2_IiSaIiEE+0x1b3)[0x7f1decf75313]
[1,13]<stderr>:[ip-172-31-3-127:00680] [22] /usr/local/lib/python3.6/dist-packages/horovod-0.18.2-py3.6-linux-x86_64.egg/horovod/torch/mpi_lib_v2.cpython-36m-x86_64-linux-gnu.so(_ZN7horovod6common13NCCLAllreduce7ExecuteERSt6vectorINS0_16TensorTableEntryESaIS3_EERKNS0_8ResponseE+0x54)[0x7f1decf754d4]
[1,13]<stderr>:[ip-172-31-3-127:00680] [23] /usr/local/lib/python3.6/dist-packages/horovod-0.18.2-py3.6-linux-x86_64.egg/horovod/torch/mpi_lib_v2.cpython-36m-x86_64-linux-gnu.so(_ZNK7horovod6common16OperationManager16ExecuteAllreduceERSt6vectorINS0_16TensorTableEntryESaIS3_EERKNS0_8ResponseE+0x71)[0x7f1decf40061]
[1,13]<stderr>:[ip-172-31-3-127:00680] [24] [1,14]<stderr>:/lib/x86_64-linux-gnu/libpthread.so.0(+0x76db)[0x7f3bf3d476db]
[1,14]<stderr>:[ip-172-31-3-127:00679] [28] /lib/x86_64-linux-gnu/libc.so.6(clone+0x3f)[0x7f3bf408088f]
[1,14]<stderr>:[ip-172-31-3-127:00679] *** End of error message ***
[1,13]<stderr>:/usr/local/lib/python3.6/dist-packages/horovod-0.18.2-py3.6-linux-x86_64.egg/horovod/torch/mpi_lib_v2.cpython-36m-x86_64-linux-gnu.so(_ZNK7horovod6common16OperationManager16ExecuteOperationERSt6vectorINS0_16TensorTableEntryESaIS3_EERKNS0_8ResponseE+0xa1)[0x7f1decf40371]
[1,13]<stderr>:[ip-172-31-3-127:00680] [25] /usr/local/lib/python3.6/dist-packages/horovod-0.18.2-py3.6-linux-x86_64.egg/horovod/torch/mpi_lib_v2.cpython-36m-x86_64-linux-gnu.so(+0x5e440)[0x7f1decf21440]
[1,13]<stderr>:[ip-172-31-3-127:00680] [26] /usr/local/lib/python3.6/dist-packages/torch/_C.cpython-36m-x86_64-linux-gnu.so(+0xaecf)[0x7f1ee0d4becf]
[1,13]<stderr>:[ip-172-31-3-127:00680] [27] [1,9]<stderr>:/lib/x86_64-linux-gnu/libc.so.6(gsignal+0xc7)[0x7f6636e4de97]
[1,9]<stderr>:[ip-172-31-3-127:00681] [ 2] /lib/x86_64-linux-gnu/libc.so.6(abort+0x141)[0x7f6636e4f801]
[1,9]<stderr>:[ip-172-31-3-127:00681] [ 3] [1,10]<stderr>:/usr/lib/x86_64-linux-gnu/libstdc++.so.6(+0x8c957)[0x7fe116388957]
[1,10]<stderr>:[ip-172-31-3-127:00683] [ 4] [1,13]<stderr>:/lib/x86_64-linux-gnu/libpthread.so.0(+0x76db)[0x7f1ee46296db]
[1,13]<stderr>:[ip-172-31-3-127:00680] [28] /lib/x86_64-linux-gnu/libc.so.6(clone+0x3f)[0x7f1ee496288f]
[1,9]<stderr>:/usr/lib/x86_64-linux-gnu/libstdc++.so.6(+0x8c957)[0x7f6632059957]
[1,9]<stderr>:[ip-172-31-3-127:00681] [ 4] [1,10]<stderr>:/usr/lib/x86_64-linux-gnu/libstdc++.so.6(+0x92ab6)[0x7fe11638eab6]
[1,10]<stderr>:[ip-172-31-3-127:00683] [ 5] [1,9]<stderr>:/usr/lib/x86_64-linux-gnu/libstdc++.so.6(+0x92ab6)[0x7f663205fab6]
[1,9]<stderr>:[ip-172-31-3-127:00681] [ 5] [1,13]<stderr>:[ip-172-31-3-127:00680] *** End of error message ***
[1,10]<stderr>:/usr/lib/x86_64-linux-gnu/libstdc++.so.6(+0x91b19)[0x7fe11638db19]
[1,10]<stderr>:[ip-172-31-3-127:00683] [ 6] /usr/lib/x86_64-linux-gnu/libstdc++.so.6(__gxx_personality_v0+0x2a8)[0x7fe11638e488]
[1,12]<stderr>:[ip-172-31-3-127:00682] [ 0] /lib/x86_64-linux-gnu/libc.so.6(+0x3ef20)[0x7f08695b8f20]
[1,12]<stderr>:[ip-172-31-3-127:00682] [ 1] [1,9]<stderr>:/usr/lib/x86_64-linux-gnu/libstdc++.so.6(+0x91b19)[0x7f663205eb19]
[1,9]<stderr>:[ip-172-31-3-127:00681] [ 6] [1,10]<stderr>:[ip-172-31-3-127:00683] [ 7] /lib/x86_64-linux-gnu/libgcc_s.so.1(+0x10613)[0x7fe1160f4613]
[1,10]<stderr>:[ip-172-31-3-127:00683] [ 8] /lib/x86_64-linux-gnu/libgcc_s.so.1(_Unwind_RaiseException+0x2b1)[0x7fe1160f4b71]
[1,10]<stderr>:[ip-172-31-3-127:00683] [ 9] [1,9]<stderr>:/usr/lib/x86_64-linux-gnu/libstdc++.so.6(__gxx_personality_v0+0x2a8)[0x7f663205f488]
[1,9]<stderr>:[ip-172-31-3-127:00681] [ 7] /lib/x86_64-linux-gnu/libgcc_s.so.1(+0x10613)[0x7f6631dc5613]
[1,9]<stderr>:[ip-172-31-3-127:00681] [ 8] /lib/x86_64-linux-gnu/libgcc_s.so.1(_Unwind_RaiseException+0x2b1)[0x7f6631dc5b71]
[1,9]<stderr>:[ip-172-31-3-127:00681] [ 9] [1,12]<stderr>:/lib/x86_64-linux-gnu/libc.so.6(gsignal+0xc7)[0x7f08695b8e97]
[1,12]<stderr>:[ip-172-31-3-127:00682] [ 2] /lib/x86_64-linux-gnu/libc.so.6(abort+0x141)[0x7f08695ba801]
[1,12]<stderr>:[ip-172-31-3-127:00682] [ 3] [1,10]<stderr>:/usr/lib/x86_64-linux-gnu/libstdc++.so.6(__cxa_throw+0x37)[0x7fe11638ed17]
[1,10]<stderr>:[ip-172-31-3-127:00683] [10] [1,12]<stderr>:/usr/lib/x86_64-linux-gnu/libstdc++.so.6(+0x8c957)[0x7f08647c4957]
[1,12]<stderr>:[ip-172-31-3-127:00682] [ 4] [1,9]<stderr>:/usr/lib/x86_64-linux-gnu/libstdc++.so.6(__cxa_throw+0x37)[0x7f663205fd17]
[1,9]<stderr>:[ip-172-31-3-127:00681] [10] /usr/lib/x86_64-linux-gnu/libstdc++.so.6(+0x8ea19)[0x7f663205ba19]
[1,10]<stderr>:/usr/lib/x86_64-linux-gnu/libstdc++.so.6(+0x8ea19)[0x7fe11638aa19]
[1,10]<stderr>:[ip-172-31-3-127:00683] [11] [1,9]<stderr>:[ip-172-31-3-127:00681] [11] [1,12]<stderr>:/usr/lib/x86_64-linux-gnu/libstdc++.so.6(+0x92ab6)[0x7f08647caab6]
[1,12]<stderr>:[ip-172-31-3-127:00682] [ 5] [1,10]<stderr>:/usr/lib/x86_64-linux-gnu/libstdc++.so.6(+0xbd8dc)[0x7fe1163b98dc]
[1,10]<stderr>:[ip-172-31-3-127:00683] [12] /usr/local/lib/python3.6/dist-packages/horovod-0.18.2-py3.6-linux-x86_64.egg/horovod/torch/mpi_lib_v2.cpython-36m-x86_64-linux-gnu.so(_ZN7horovod6common18HorovodGlobalStateD1Ev+0xaa8)[0x7fe0fe49a6b8]
[1,10]<stderr>:[ip-172-31-3-127:00683] [13] [1,12]<stderr>:/usr/lib/x86_64-linux-gnu/libstdc++.so.6(+0x91b19)[0x7f08647c9b19]
[1,12]<stderr>:[ip-172-31-3-127:00682] [ 6] [1,9]<stderr>:/usr/lib/x86_64-linux-gnu/libstdc++.so.6(+0xbd8dc)[0x7f663208a8dc]
[1,9]<stderr>:[ip-172-31-3-127:00681] [12] /usr/local/lib/python3.6/dist-packages/horovod-0.18.2-py3.6-linux-x86_64.egg/horovod/torch/mpi_lib_v2.cpython-36m-x86_64-linux-gnu.so(_ZN7horovod6common18HorovodGlobalStateD1Ev+0xaa8)[0x7f653f4f76b8]
[1,9]<stderr>:[ip-172-31-3-127:00681] [13] [1,10]<stderr>:/lib/x86_64-linux-gnu/libc.so.6(+0x43041)[0x7fe11b181041]
[1,10]<stderr>:[ip-172-31-3-127:00683] [14] /lib/x86_64-linux-gnu/libc.so.6(+0x4313a)[0x7fe11b18113a]
[1,10]<stderr>:[ip-172-31-3-127:00683] [15] /opt/amazon/efa/lib/libfabric.so.1(+0x5ebbf)[0x7fe001965bbf]
[1,10]<stderr>:[ip-172-31-3-127:00683] [16] /opt/amazon/efa/lib/libfabric.so.1(+0xf3f2)[0x7fe0019163f2]
[1,10]<stderr>:[ip-172-31-3-127:00683] [17] [1,9]<stderr>:/lib/x86_64-linux-gnu/libc.so.6(+0x43041)[0x7f6636e52041]
[1,9]<stderr>:[ip-172-31-3-127:00681] [14] /lib/x86_64-linux-gnu/libc.so.6(+0x4313a)[0x7f6636e5213a]
[1,9]<stderr>:[ip-172-31-3-127:00681] [15] /opt/amazon/efa/lib/libfabric.so.1(+0x5ebbf)[0x7f65e1870bbf]
[1,9]<stderr>:[ip-172-31-3-127:00681] [16] /opt/amazon/efa/lib/libfabric.so.1(+0xf3f2)[0x7f65e18213f2]
[1,9]<stderr>:[ip-172-31-3-127:00681] [17] /opt/amazon/efa/lib/libfabric.so.1(fi_getinfo+0x45d)[0x7f65e1821a9d]
[1,9]<stderr>:[ip-172-31-3-127:00681] [18] /usr/local/lib/libnccl-net.so(+0x2045)[0x7f65e1af0045]
[1,9]<stderr>:[ip-172-31-3-127:00681] [19] [1,12]<stderr>:/usr/lib/x86_64-linux-gnu/libstdc++.so.6(__gxx_personality_v0+0x2a8)[0x7f08647ca488]
[1,12]<stderr>:[ip-172-31-3-127:00682] [ 7] /lib/x86_64-linux-gnu/libgcc_s.so.1(+0x10613)[0x7f0864530613]
[1,12]<stderr>:[ip-172-31-3-127:00682] [ 8] /lib/x86_64-linux-gnu/libgcc_s.so.1(_Unwind_RaiseException+0x2b1)[0x7f0864530b71]
[1,12]<stderr>:[ip-172-31-3-127:00682] [ 9] /usr/lib/x86_64-linux-gnu/libstdc++.so.6(__cxa_throw+0x37)[0x7f08647cad17]
[1,12]<stderr>:[ip-172-31-3-127:00682] [10] [1,10]<stderr>:/opt/amazon/efa/lib/libfabric.so.1(fi_getinfo+0x45d)[0x7fe001916a9d]
[1,10]<stderr>:[ip-172-31-3-127:00683] [18] /usr/local/lib/libnccl-net.so(+0x2045)[0x7fe001be5045]
[1,10]<stderr>:[ip-172-31-3-127:00683] [19] /usr/local/lib/python3.6/dist-packages/horovod-0.18.2-py3.6-linux-x86_64.egg/horovod/torch/mpi_lib_v2.cpython-36m-x86_64-linux-gnu.so(+0xf1065)[0x7fe0fe525065]
[1,10]<stderr>:[ip-172-31-3-127:00683] [20] /usr/local/lib/python3.6/dist-packages/horovod-0.18.2-py3.6-linux-x86_64.egg/horovod/torch/mpi_lib_v2.cpython-36m-x86_64-linux-gnu.so(+0xf492f)[0x7fe0fe52892f]
[1,10]<stderr>:[ip-172-31-3-127:00683] [21] [1,9]<stderr>:/usr/local/lib/python3.6/dist-packages/horovod-0.18.2-py3.6-linux-x86_64.egg/horovod/torch/mpi_lib_v2.cpython-36m-x86_64-linux-gnu.so(+0xf1065)[0x7f653f582065]
[1,9]<stderr>:[ip-172-31-3-127:00681] [20] /usr/local/lib/python3.6/dist-packages/horovod-0.18.2-py3.6-linux-x86_64.egg/horovod/torch/mpi_lib_v2.cpython-36m-x86_64-linux-gnu.so(+0xf492f)[0x7f653f58592f]
[1,9]<stderr>:[ip-172-31-3-127:00681] [21] [1,10]<stderr>:/usr/local/lib/python3.6/dist-packages/horovod-0.18.2-py3.6-linux-x86_64.egg/horovod/torch/mpi_lib_v2.cpython-36m-x86_64-linux-gnu.so(_ZN7horovod6common13NCCLAllreduce12InitNCCLCommERKSt6vectorINS0_16TensorTableEntryESaIS3_EERKS2_IiSaIiEE+0x1b3)[0x7fe0fe4e6313]
[1,10]<stderr>:[ip-172-31-3-127:00683] [22] /usr/local/lib/python3.6/dist-packages/horovod-0.18.2-py3.6-linux-x86_64.egg/horovod/torch/mpi_lib_v2.cpython-36m-x86_64-linux-gnu.so(_ZN7horovod6common13NCCLAllreduce7ExecuteERSt6vectorINS0_16TensorTableEntryESaIS3_EERKNS0_8ResponseE+0x54)[0x7fe0fe4e64d4]
[1,10]<stderr>:[ip-172-31-3-127:00683] [23] /usr/local/lib/python3.6/dist-packages/horovod-0.18.2-py3.6-linux-x86_64.egg/horovod/torch/mpi_lib_v2.cpython-36m-x86_64-linux-gnu.so(_ZNK7horovod6common16OperationManager16ExecuteAllreduceERSt6vectorINS0_16TensorTableEntryESaIS3_EERKNS0_8ResponseE+0x71)[0x7fe0fe4b1061]
[1,12]<stderr>:/usr/lib/x86_64-linux-gnu/libstdc++.so.6(+0x8ea19)[0x7f08647c6a19]
[1,12]<stderr>:[ip-172-31-3-127:00682] [11] [1,9]<stderr>:/usr/local/lib/python3.6/dist-packages/horovod-0.18.2-py3.6-linux-x86_64.egg/horovod/torch/mpi_lib_v2.cpython-36m-x86_64-linux-gnu.so(_ZN7horovod6common13NCCLAllreduce12InitNCCLCommERKSt6vectorINS0_16TensorTableEntryESaIS3_EERKS2_IiSaIiEE+0x1b3)[0x7f653f543313]
[1,9]<stderr>:[ip-172-31-3-127:00681] [22] /usr/local/lib/python3.6/dist-packages/horovod-0.18.2-py3.6-linux-x86_64.egg/horovod/torch/mpi_lib_v2.cpython-36m-x86_64-linux-gnu.so(_ZN7horovod6common13NCCLAllreduce7ExecuteERSt6vectorINS0_16TensorTableEntryESaIS3_EERKNS0_8ResponseE+0x54)[0x7f653f5434d4]
[1,9]<stderr>:[ip-172-31-3-127:00681] [23] [1,10]<stderr>:[ip-172-31-3-127:00683] [24] /usr/local/lib/python3.6/dist-packages/horovod-0.18.2-py3.6-linux-x86_64.egg/horovod/torch/mpi_lib_v2.cpython-36m-x86_64-linux-gnu.so(_ZNK7horovod6common16OperationManager16ExecuteOperationERSt6vectorINS0_16TensorTableEntryESaIS3_EERKNS0_8ResponseE+0xa1)[0x7fe0fe4b1371]
[1,10]<stderr>:[ip-172-31-3-127:00683] [25] /usr/local/lib/python3.6/dist-packages/horovod-0.18.2-py3.6-linux-x86_64.egg/horovod/torch/mpi_lib_v2.cpython-36m-x86_64-linux-gnu.so(+0x5e440)[0x7fe0fe492440]
[1,10]<stderr>:[ip-172-31-3-127:00683] [26] [1,9]<stderr>:/usr/local/lib/python3.6/dist-packages/horovod-0.18.2-py3.6-linux-x86_64.egg/horovod/torch/mpi_lib_v2.cpython-36m-x86_64-linux-gnu.so(_ZNK7horovod6common16OperationManager16ExecuteAllreduceERSt6vectorINS0_16TensorTableEntryESaIS3_EERKNS0_8ResponseE+0x71)[0x7f653f50e061]
[1,9]<stderr>:[ip-172-31-3-127:00681] [24] /usr/local/lib/python3.6/dist-packages/horovod-0.18.2-py3.6-linux-x86_64.egg/horovod/torch/mpi_lib_v2.cpython-36m-x86_64-linux-gnu.so(_ZNK7horovod6common16OperationManager16ExecuteOperationERSt6vectorINS0_16TensorTableEntryESaIS3_EERKNS0_8ResponseE+0xa1)[0x7f653f50e371]
[1,9]<stderr>:[ip-172-31-3-127:00681] [25] /usr/local/lib/python3.6/dist-packages/horovod-0.18.2-py3.6-linux-x86_64.egg/horovod/torch/mpi_lib_v2.cpython-36m-x86_64-linux-gnu.so(+0x5e440)[0x7f653f4ef440]
[1,9]<stderr>:[ip-172-31-3-127:00681] [26] [1,12]<stderr>:/usr/lib/x86_64-linux-gnu/libstdc++.so.6(+0xbd8dc)[0x7f08647f58dc]
[1,12]<stderr>:[ip-172-31-3-127:00682] [12] /usr/local/lib/python3.6/dist-packages/horovod-0.18.2-py3.6-linux-x86_64.egg/horovod/torch/mpi_lib_v2.cpython-36m-x86_64-linux-gnu.so(_ZN7horovod6common18HorovodGlobalStateD1Ev+0xaa8)[0x7f0771c626b8]
[1,12]<stderr>:[ip-172-31-3-127:00682] [13] [1,10]<stderr>:/usr/local/lib/python3.6/dist-packages/torch/_C.cpython-36m-x86_64-linux-gnu.so(+0xaecf)[0x7fe117648ecf]
[1,10]<stderr>:[ip-172-31-3-127:00683] [27] /lib/x86_64-linux-gnu/libpthread.so.0(+0x76db)[0x7fe11af266db]
[1,10]<stderr>:[ip-172-31-3-127:00683] [28] [1,12]<stderr>:/lib/x86_64-linux-gnu/libc.so.6(+0x43041)[0x7f08695bd041]
[1,12]<stderr>:[ip-172-31-3-127:00682] [14] /lib/x86_64-linux-gnu/libc.so.6(+0x4313a)[0x7f08695bd13a]
[1,12]<stderr>:[ip-172-31-3-127:00682] [15] /opt/amazon/efa/lib/libfabric.so.1(+0x5ebbf)[0x7f081d7e6bbf]
[1,9]<stderr>:/usr/local/lib/python3.6/dist-packages/torch/_C.cpython-36m-x86_64-linux-gnu.so(+0xaecf)[0x7f6633319ecf]
[1,9]<stderr>:[ip-172-31-3-127:00681] [27] /lib/x86_64-linux-gnu/libpthread.so.0(+0x76db)[0x7f6636bf76db]
[1,9]<stderr>:[ip-172-31-3-127:00681] [28] /lib/x86_64-linux-gnu/libc.so.6(clone+0x3f)[0x7f6636f3088f]
[1,10]<stderr>:/lib/x86_64-linux-gnu/libc.so.6(clone+0x3f)[0x7fe11b25f88f]
[1,10]<stderr>:[ip-172-31-3-127:00683] *** End of error message ***
[1,9]<stderr>:[ip-172-31-3-127:00681] *** End of error message ***
[1,12]<stderr>:[ip-172-31-3-127:00682] [16] /opt/amazon/efa/lib/libfabric.so.1(+0xf3f2)[0x7f081d7973f2]
[1,12]<stderr>:[ip-172-31-3-127:00682] [17] /opt/amazon/efa/lib/libfabric.so.1(fi_getinfo+0x45d)[0x7f081d797a9d]
[1,12]<stderr>:[ip-172-31-3-127:00682] [18] /usr/local/lib/libnccl-net.so(+0x2045)[0x7f081da66045]
[1,12]<stderr>:[ip-172-31-3-127:00682] [19] /usr/local/lib/python3.6/dist-packages/horovod-0.18.2-py3.6-linux-x86_64.egg/horovod/torch/mpi_lib_v2.cpython-36m-x86_64-linux-gnu.so(+0xf1065)[0x7f0771ced065]
[1,12]<stderr>:[ip-172-31-3-127:00682] [20] /usr/local/lib/python3.6/dist-packages/horovod-0.18.2-py3.6-linux-x86_64.egg/horovod/torch/mpi_lib_v2.cpython-36m-x86_64-linux-gnu.so(+0xf492f)[0x7f0771cf092f]
[1,12]<stderr>:[ip-172-31-3-127:00682] [21] [1,12]<stderr>:/usr/local/lib/python3.6/dist-packages/horovod-0.18.2-py3.6-linux-x86_64.egg/horovod/torch/mpi_lib_v2.cpython-36m-x86_64-linux-gnu.so(_ZN7horovod6common13NCCLAllreduce12InitNCCLCommERKSt6vectorINS0_16TensorTableEntryESaIS3_EERKS2_IiSaIiEE+0x1b3)[0x7f0771cae313]
[1,12]<stderr>:[ip-172-31-3-127:00682] [22] /usr/local/lib/python3.6/dist-packages/horovod-0.18.2-py3.6-linux-x86_64.egg/horovod/torch/mpi_lib_v2.cpython-36m-x86_64-linux-gnu.so(_ZN7horovod6common13NCCLAllreduce7ExecuteERSt6vectorINS0_16TensorTableEntryESaIS3_EERKNS0_8ResponseE+0x54)[0x7f0771cae4d4]
[1,12]<stderr>:[ip-172-31-3-127:00682] [23] [1,12]<stderr>:/usr/local/lib/python3.6/dist-packages/horovod-0.18.2-py3.6-linux-x86_64.egg/horovod/torch/mpi_lib_v2.cpython-36m-x86_64-linux-gnu.so(_ZNK7horovod6common16OperationManager16ExecuteAllreduceERSt6vectorINS0_16TensorTableEntryESaIS3_EERKNS0_8ResponseE+0x71)[0x7f0771c79061]
[1,12]<stderr>:[ip-172-31-3-127:00682] [24] /usr/local/lib/python3.6/dist-packages/horovod-0.18.2-py3.6-linux-x86_64.egg/horovod/torch/mpi_lib_v2.cpython-36m-x86_64-linux-gnu.so(_ZNK7horovod6common16OperationManager16ExecuteOperationERSt6vectorINS0_16TensorTableEntryESaIS3_EERKNS0_8ResponseE+0xa1)[0x7f0771c79371]
[1,12]<stderr>:[ip-172-31-3-127:00682] [25] /usr/local/lib/python3.6/dist-packages/horovod-0.18.2-py3.6-linux-x86_64.egg/horovod/torch/mpi_lib_v2.cpython-36m-x86_64-linux-gnu.so(+0x5e440)[0x7f0771c5a440]
[1,12]<stderr>:[ip-172-31-3-127:00682] [26] [1,12]<stderr>:/usr/local/lib/python3.6/dist-packages/torch/_C.cpython-36m-x86_64-linux-gnu.so(+0xaecf)[0x7f0865a84ecf]
[1,12]<stderr>:[ip-172-31-3-127:00682] [27] /lib/x86_64-linux-gnu/libpthread.so.0(+0x76db)[0x7f08693626db]
[1,12]<stderr>:[ip-172-31-3-127:00682] [28] [1,12]<stderr>:/lib/x86_64-linux-gnu/libc.so.6(clone+0x3f)[0x7f086969b88f]
[1,12]<stderr>:[ip-172-31-3-127:00682] *** End of error message ***
[1,3]<stdout>:ip-172-31-6-189:152:687 [3] NCCL INFO NET/OFI Forcing AWS OFI ndev 4
[1,3]<stdout>:ip-172-31-6-189:152:687 [3] NCCL INFO NET/OFI Selected Provider is efa
[1,5]<stdout>:ip-172-31-6-189:154:689 [5] NCCL INFO NET/OFI Forcing AWS OFI ndev 4
[1,5]<stdout>:ip-172-31-6-189:154:689 [5] NCCL INFO NET/OFI Selected Provider is efa
[1,2]<stdout>:ip-172-31-6-189:151:692 [2] NCCL INFO NET/OFI Forcing AWS OFI ndev 4
[1,2]<stdout>:ip-172-31-6-189:151:692 [2] NCCL INFO NET/OFI Selected Provider is efa
[1,15]<stdout>:ip-172-31-3-127:43:574 [7] NCCL INFO NET/OFI Forcing AWS OFI ndev 4
[1,15]<stdout>:ip-172-31-3-127:43:574 [7] NCCL INFO NET/OFI Selected Provider is efa
[1,4]<stdout>:ip-172-31-6-189:153:691 [4] NCCL INFO NET/OFI Forcing AWS OFI ndev 4
[1,4]<stdout>:ip-172-31-6-189:153:691 [4] NCCL INFO NET/OFI Selected Provider is efa
[1,11]<stdout>:ip-172-31-3-127:39:580 [3] NCCL INFO NET/OFI Forcing AWS OFI ndev 4
[1,11]<stdout>:ip-172-31-3-127:39:580 [3] NCCL INFO NET/OFI Selected Provider is efa
[1,6]<stdout>:ip-172-31-6-189:155:688 [6] NCCL INFO NET/OFI Forcing AWS OFI ndev 4
[1,6]<stdout>:ip-172-31-6-189:155:688 [6] NCCL INFO NET/OFI Selected Provider is efa
[1,7]<stdout>:ip-172-31-6-189:156:690 [7] NCCL INFO NET/OFI Forcing AWS OFI ndev 4
[1,7]<stdout>:ip-172-31-6-189:156:690 [7] NCCL INFO NET/OFI Selected Provider is efa
[1,8]<stdout>:ip-172-31-3-127:36:572 [0] NCCL INFO NET/OFI Forcing AWS OFI ndev 4
[1,8]<stdout>:ip-172-31-3-127:36:572 [0] NCCL INFO NET/OFI Selected Provider is efa
[1,14]<stdout>:ip-172-31-3-127:42:575 [6] NCCL INFO NET/OFI Forcing AWS OFI ndev 4
[1,14]<stdout>:ip-172-31-3-127:42:575 [6] NCCL INFO NET/OFI Selected Provider is efa
[1,12]<stdout>:ip-172-31-3-127:40:578 [4] NCCL INFO NET/OFI Forcing AWS OFI ndev 4
[1,12]<stdout>:ip-172-31-3-127:40:578 [4] NCCL INFO NET/OFI Selected Provider is efa
[1,13]<stdout>:ip-172-31-3-127:41:581 [5] NCCL INFO NET/OFI Forcing AWS OFI ndev 4
[1,13]<stdout>:ip-172-31-3-127:41:581 [5] NCCL INFO NET/OFI Selected Provider is efa
[1,9]<stdout>:ip-172-31-3-127:37:573 [1] NCCL INFO NET/OFI Forcing AWS OFI ndev 4
[1,9]<stdout>:ip-172-31-3-127:37:573 [1] NCCL INFO NET/OFI Selected Provider is efa
[1,10]<stdout>:ip-172-31-3-127:38:579 [2] NCCL INFO NET/OFI Forcing AWS OFI ndev 4
[1,10]<stdout>:ip-172-31-3-127:38:579 [2] NCCL INFO NET/OFI Selected Provider is efa
[1,1]<stdout>:ip-172-31-6-189:150:686 [1] NCCL INFO NET/OFI Forcing AWS OFI ndev 4
[1,1]<stdout>:ip-172-31-6-189:150:686 [1] NCCL INFO NET/OFI Selected Provider is efa
[1,0]<stdout>:ip-172-31-6-189:149:685 [0] NCCL INFO Setting affinity for GPU 0 to ffffffff,ffffffff,ffffffff
[1,0]<stdout>:ip-172-31-6-189:149:685 [0] NCCL INFO NCCL_TREE_THRESHOLD set by environment to 0.
[1,3]<stdout>:ip-172-31-6-189:152:687 [3] NCCL INFO Setting affinity for GPU 3 to ffffffff,ffffffff,ffffffff
[1,5]<stdout>:ip-172-31-6-189:154:689 [5] NCCL INFO Setting affinity for GPU 5 to ffffffff,ffffffff,ffffffff
[1,5]<stdout>:ip-172-31-6-189:154:689 [5] NCCL INFO NCCL_TREE_THRESHOLD set by environment to 0.
[1,2]<stdout>:ip-172-31-6-189:151:692 [2] NCCL INFO Setting affinity for GPU 2 to ffffffff,ffffffff,ffffffff
[1,4]<stdout>:ip-172-31-6-189:153:691 [4] NCCL INFO Setting affinity for GPU 4 to ffffffff,ffffffff,ffffffff
[1,15]<stdout>:ip-172-31-3-127:43:574 [7] NCCL INFO Setting affinity for GPU 7 to ffffffff,ffffffff,ffffffff
[1,3]<stdout>:ip-172-31-6-189:152:687 [3] NCCL INFO NCCL_TREE_THRESHOLD set by environment to 0.
[1,6]<stdout>:ip-172-31-6-189:155:688 [6] NCCL INFO Setting affinity for GPU 6 to ffffffff,ffffffff,ffffffff
[1,4]<stdout>:ip-172-31-6-189:153:691 [4] NCCL INFO NCCL_TREE_THRESHOLD set by environment to 0.
[1,7]<stdout>:ip-172-31-6-189:156:690 [7] NCCL INFO Setting affinity for GPU 7 to ffffffff,ffffffff,ffffffff
[1,1]<stdout>:ip-172-31-6-189:150:686 [1] NCCL INFO Setting affinity for GPU 1 to ffffffff,ffffffff,ffffffff
[1,2]<stdout>:ip-172-31-6-189:151:692 [2] NCCL INFO NCCL_TREE_THRESHOLD set by environment to 0.
[1,7]<stdout>:ip-172-31-6-189:156:690 [7] NCCL INFO NCCL_TREE_THRESHOLD set by environment to 0.
[1,6]<stdout>:ip-172-31-6-189:155:688 [6] NCCL INFO NCCL_TREE_THRESHOLD set by environment to 0.
[1,11]<stdout>:ip-172-31-3-127:39:580 [3] NCCL INFO Setting affinity for GPU 3 to ffffffff,ffffffff,ffffffff
[1,15]<stdout>:ip-172-31-3-127:43:574 [7] NCCL INFO NCCL_TREE_THRESHOLD set by environment to 0.
[1,11]<stdout>:ip-172-31-3-127:39:580 [3] NCCL INFO NCCL_TREE_THRESHOLD set by environment to 0.
[1,8]<stdout>:ip-172-31-3-127:36:572 [0] NCCL INFO Setting affinity for GPU 0 to ffffffff,ffffffff,ffffffff
[1,1]<stdout>:ip-172-31-6-189:150:686 [1] NCCL INFO NCCL_TREE_THRESHOLD set by environment to 0.
[1,14]<stdout>:ip-172-31-3-127:42:575 [6] NCCL INFO Setting affinity for GPU 6 to ffffffff,ffffffff,ffffffff
[1,12]<stdout>:ip-172-31-3-127:40:578 [4] NCCL INFO Setting affinity for GPU 4 to ffffffff,ffffffff,ffffffff
[1,13]<stdout>:ip-172-31-3-127:41:581 [5] NCCL INFO Setting affinity for GPU 5 to ffffffff,ffffffff,ffffffff
[1,10]<stdout>:ip-172-31-3-127:38:579 [2] NCCL INFO Setting affinity for GPU 2 to ffffffff,ffffffff,ffffffff
[1,12]<stdout>:ip-172-31-3-127:40:578 [4] NCCL INFO NCCL_TREE_THRESHOLD set by environment to 0.
[1,13]<stdout>:ip-172-31-3-127:41:581 [5] NCCL INFO NCCL_TREE_THRESHOLD set by environment to 0.
[1,9]<stdout>:ip-172-31-3-127:37:573 [1] NCCL INFO Setting affinity for GPU 1 to ffffffff,ffffffff,ffffffff
[1,9]<stdout>:ip-172-31-3-127:37:573 [1] NCCL INFO NCCL_TREE_THRESHOLD set by environment to 0.
[1,14]<stdout>:ip-172-31-3-127:42:575 [6] NCCL INFO NCCL_TREE_THRESHOLD set by environment to 0.
[1,8]<stdout>:ip-172-31-3-127:36:572 [0] NCCL INFO NCCL_TREE_THRESHOLD set by environment to 0.
[1,10]<stdout>:ip-172-31-3-127:38:579 [2] NCCL INFO NCCL_TREE_THRESHOLD set by environment to 0.
[1,8]<stdout>:ip-172-31-3-127:36:572 [0] NCCL INFO NET/OFI [0] getCudaPath dev 0 busId 0000:00:16.0 path /sys/devices/pci0000:00/
[1,9]<stdout>:ip-172-31-3-127:37:573 [1] NCCL INFO NET/OFI [1] getCudaPath dev 0 busId 0000:00:16.0 path /sys/devices/pci0000:00/
[1,9]<stdout>:ip-172-31-3-127:37:573 [1] NCCL INFO NET/OFI [1] getCudaPath dev 1 busId 0000:00:17.0 path /sys/devices/pci0000:00
[1,10]<stdout>:ip-172-31-3-127:38:579 [2] NCCL INFO NET/OFI [2] getCudaPath dev 0 busId 0000:00:16.0 path /sys/devices/pci0000:00
[1,8]<stdout>:ip-172-31-3-127:36:572 [0] NCCL INFO NET/OFI [0] getCudaPath dev 1 busId 0000:00:17.0 path /sys/devices/pci0000:00
[1,9]<stdout>:ip-172-31-3-127:37:573 [1] NCCL INFO NET/OFI [1] getCudaPath dev 2 busId 0000:00:18.0 path /sys/devices/pci0000:00
[1,8]<stdout>:ip-172-31-3-127:36:572 [0] NCCL INFO NET/OFI [0] getCudaPath dev 2 busId 0000:00:18.0 path /sys/devices/pci0000:00
[1,11]<stdout>:ip-172-31-3-127:39:580 [3] NCCL INFO NET/OFI [3] getCudaPath dev 0 busId 0000:00:16.0 path /sys/devices/pci0000:00
[1,8]<stdout>:ip-172-31-3-127:36:572 [0] NCCL INFO NET/OFI [0] getCudaPath dev 3 busId 0000:00:19.0 path /sys/devices/pci0000:00
[1,9]<stdout>:ip-172-31-3-127:37:573 [1] NCCL INFO NET/OFI [1] getCudaPath dev 3 busId 0000:00:19.0 path /sys/devices/pci0000:00
[1,9]<stdout>:ip-172-31-3-127:37:573 [1] NCCL INFO CUDA Dev 1[1], AWS Libfabric NIC distance :  PHB NODE NODE NODE
[1,8]<stdout>:ip-172-31-3-127:36:572 [0] NCCL INFO CUDA Dev 0[0], AWS Libfabric NIC distance :  PHB NODE NODE NODE
[1,11]<stdout>:ip-172-31-3-127:39:580 [3] NCCL INFO NET/OFI [3] getCudaPath dev 1 busId 0000:00:17.0 path /sys/devices/pci0000:00/
[1,12]<stdout>:ip-172-31-3-127:40:578 [4] NCCL INFO NET/OFI [4] getCudaPath dev 0 busId 0000:00:16.0 path /sys/devices/pci0000:00
[1,11]<stdout>:ip-172-31-3-127:39:580 [3] NCCL INFO NET/OFI [3] getCudaPath dev 2 busId 0000:00:18.0 path /sys/devices/pci0000:00
[1,11]<stdout>:ip-172-31-3-127:39:580 [3] NCCL INFO NET/OFI [3] getCudaPath dev 3 busId 0000:00:19.0 path /sys/devices/pci0000:00
[1,11]<stdout>:ip-172-31-3-127:39:580 [3] NCCL INFO CUDA Dev 3[3], AWS Libfabric NIC distance :  NODE PHB NODE NODE
[1,12]<stdout>:ip-172-31-3-127:40:578 [4] NCCL INFO NET/OFI [4] getCudaPath dev 1 busId 0000:00:17.0 path /sys/devices/pci0000:00
[1,13]<stdout>:ip-172-31-3-127:41:581 [5] NCCL INFO NET/OFI [5] getCudaPath dev 0 busId 0000:00:16.0 path /sys/devices/pci0000:00
[1,12]<stdout>:ip-172-31-3-127:40:578 [4] NCCL INFO NET/OFI [4] getCudaPath dev 2 busId 0000:00:18.0 path /sys/devices/pci0000:00/
[1,13]<stdout>:ip-172-31-3-127:41:581 [5] NCCL INFO NET/OFI [5] getCudaPath dev 1 busId 0000:00:17.0 path /sys/devices/pci0000:00
[1,12]<stdout>:ip-172-31-3-127:40:578 [4] NCCL INFO NET/OFI [4] getCudaPath dev 3 busId 0000:00:19.0 path /sys/devices/pci0000:00
[1,12]<stdout>:ip-172-31-3-127:40:578 [4] NCCL INFO CUDA Dev 4[4], AWS Libfabric NIC distance :  NODE NODE PHB NODE
[1,13]<stdout>:ip-172-31-3-127:41:581 [5] NCCL INFO NET/OFI [5] getCudaPath dev 2 busId 0000:00:18.0 path /sys/devices/pci0000:00/
[1,13]<stdout>:ip-172-31-3-127:41:581 [5] NCCL INFO NET/OFI [5] getCudaPath dev 3 busId 0000:00:19.0 path /sys/devices/pci0000:00
[1,13]<stdout>:ip-172-31-3-127:41:581 [5] NCCL INFO CUDA Dev 5[5], AWS Libfabric NIC distance :  NODE NODE PHB NODE
[1,15]<stdout>:ip-172-31-3-127:43:574 [7] NCCL INFO NET/OFI [7] getCudaPath dev 0 busId 0000:00:16.0 path /sys/devices/pci0000:00
[1,15]<stdout>:ip-172-31-3-127:43:574 [7] NCCL INFO NET/OFI [7] getCudaPath dev 1 busId 0000:00:17.0 path /sys/devices/pci0000:00
[1,15]<stdout>:ip-172-31-3-127:43:574 [7] NCCL INFO NET/OFI [7] getCudaPath dev 2 busId 0000:00:18.0 path /sys/devices/pci0000:00
[1,15]<stdout>:ip-172-31-3-127:43:574 [7] NCCL INFO NET/OFI [7] getCudaPath dev 3 busId 0000:00:19.0 path /sys/devices/pci0000:00/
[1,15]<stdout>:ip-172-31-3-127:43:574 [7] NCCL INFO CUDA Dev 7[7], AWS Libfabric NIC distance :  NODE NODE NODE PHB
[1,14]<stdout>:ip-172-31-3-127:42:575 [6] NCCL INFO NET/OFI [6] getCudaPath dev 0 busId 0000:00:16.0 path /sys/devices/pci0000:00
[1,14]<stdout>:ip-172-31-3-127:42:575 [6] NCCL INFO NET/OFI [6] getCudaPath dev 1 busId 0000:00:17.0 path /sys/devices/pci0000:00
[1,14]<stdout>:ip-172-31-3-127:42:575 [6] NCCL INFO NET/OFI [6] getCudaPath dev 2 busId 0000:00:18.0 path /sys/devices/pci0000:00
[1,14]<stdout>:ip-172-31-3-127:42:575 [6] NCCL INFO NET/OFI [6] getCudaPath dev 3 busId 0000:00:19.0 path /sys/devices/pci0000:00/
[1,14]<stdout>:ip-172-31-3-127:42:575 [6] NCCL INFO CUDA Dev 6[6], AWS Libfabric NIC distance :  NODE NODE NODE PHB
[1,10]<stdout>:ip-172-31-3-127:38:579 [2] NCCL INFO NET/OFI [2] getCudaPath dev 1 busId 0000:00:17.0 path /sys/devices/pci0000:00/
[1,10]<stdout>:ip-172-31-3-127:38:579 [2] NCCL INFO NET/OFI [2] getCudaPath dev 2 busId 0000:00:18.0 path /sys/devices/pci0000:00
[1,10]<stdout>:ip-172-31-3-127:38:579 [2] NCCL INFO NET/OFI [2] getCudaPath dev 3 busId 0000:00:19.0 path /sys/devices/pci0000:00
[1,10]<stdout>:ip-172-31-3-127:38:579 [2] NCCL INFO CUDA Dev 2[2], AWS Libfabric NIC distance :  NODE PHB NODE NODE
[1,3]<stdout>:ip-172-31-6-189:152:687 [3] NCCL INFO NET/OFI [3] getCudaPath dev 0 busId 0000:00:16.0 path /sys/devices/pci0000:00
[1,3]<stdout>:ip-172-31-6-189:152:687 [3] NCCL INFO NET/OFI [3] getCudaPath dev 1 busId 0000:00:17.0 path /sys/devices/pci0000:00/
[1,3]<stdout>:ip-172-31-6-189:152:687 [3] NCCL INFO NET/OFI [3] getCudaPath dev 2 busId 0000:00:18.0 path /sys/devices/pci0000:00
[1,3]<stdout>:ip-172-31-6-189:152:687 [3] NCCL INFO NET/OFI [3] getCudaPath dev 3 busId 0000:00:19.0 path /sys/devices/pci0000:00
[1,3]<stdout>:ip-172-31-6-189:152:687 [3] NCCL INFO CUDA Dev 3[3], AWS Libfabric NIC distance :  NODE PHB NODE NODE
[1,5]<stdout>:ip-172-31-6-189:154:689 [5] NCCL INFO NET/OFI [5] getCudaPath dev 0 busId 0000:00:16.0 path /sys/devices/pci0000:00
[1,5]<stdout>:ip-172-31-6-189:154:689 [5] NCCL INFO NET/OFI [5] getCudaPath dev 1 busId 0000:00:17.0 path /sys/devices/pci0000:00
[1,5]<stdout>:ip-172-31-6-189:154:689 [5] NCCL INFO NET/OFI [5] getCudaPath dev 2 busId 0000:00:18.0 path /sys/devices/pci0000:00/
[1,5]<stdout>:ip-172-31-6-189:154:689 [5] NCCL INFO NET/OFI [5] getCudaPath dev 3 busId 0000:00:19.0 path /sys/devices/pci0000:00
[1,5]<stdout>:ip-172-31-6-189:154:689 [5] NCCL INFO CUDA Dev 5[5], AWS Libfabric NIC distance :  NODE NODE PHB NODE
[1,1]<stdout>:ip-172-31-6-189:150:686 [1] NCCL INFO NET/OFI [1] getCudaPath dev 0 busId 0000:00:16.0 path /sys/devices/pci0000:00/
[1,1]<stdout>:ip-172-31-6-189:150:686 [1] NCCL INFO NET/OFI [1] getCudaPath dev 1 busId 0000:00:17.0 path /sys/devices/pci0000:00
[1,1]<stdout>:ip-172-31-6-189:150:686 [1] NCCL INFO NET/OFI [1] getCudaPath dev 2 busId 0000:00:18.0 path /sys/devices/pci0000:00
[1,1]<stdout>:ip-172-31-6-189:150:686 [1] NCCL INFO NET/OFI [1] getCudaPath dev 3 busId 0000:00:19.0 path /sys/devices/pci0000:00
